2026-04-22 11:32:08,016 [INFO] Paper Trading mode initialized.
2026-04-22 11:32:08,017 [INFO] Starting trading cycle...
2026-04-22 11:32:15,130 [INFO] SCAN_COMPLETE: {"weather_count": 44, "total_scanned": 3000}
2026-04-22 11:32:15,137 [INFO] Found 44 candidate weather markets.
2026-04-22 11:32:15,138 [INFO] Discovered new city: Precipitation. Attempting to get coordinates...
2026-04-22 11:32:15,806 [INFO] Discovered new city: Precipitation. Attempting to get coordinates...
2026-04-22 11:32:16,463 [INFO] Discovered new city: Precipitation. Attempting to get coordinates...
2026-04-22 11:32:17,107 [INFO] Discovered new city: Precipitation. Attempting to get coordinates...
2026-04-22 11:32:17,718 [INFO] Discovered new city: Precipitation. Attempting to get coordinates...
2026-04-22 11:32:18,359 [INFO] Discovered new city: Precipitation. Attempting to get coordinates...
2026-04-22 11:32:19,002 [INFO] Discovered new city: Seattle. Attempting to get coordinates...
2026-04-22 11:32:20,284 [INFO] Discovered new city: London. Attempting to get coordinates...
2026-04-22 11:32:21,578 [INFO] Discovered new city: Seoul. Attempting to get coordinates...
2026-04-22 11:32:22,862 [INFO] Discovered new city: Hong. Attempting to get coordinates...
2026-04-22 11:32:24,182 [INFO] Market: Will global temperature increase by less than 1.10ºC in April 2026? | Price: 0.028 | Prob: 0.08 | Edge: 5.28%
2026-04-22 11:32:24,183 [INFO] Market: Will global temperature increase by between 1.10ºC and 1.14ºC in April 2026? | Price: 0.155 | Prob: 0.19 | Edge: 3.85%
2026-04-22 11:32:24,194 [INFO] Market: Will Seattle have more than 5 inches of precipitation in April? | Price: 0.009 | Prob: 1.00 | Edge: 99.10%
2026-04-22 11:32:24,195 [INFO] [PAPER TRADING] Executing trade on Will Seattle have more than 5 inches of precipitation in April? (City: Seattle) for $2.00 (Edge: 99.10%)
2026-04-22 11:32:24,195 [INFO] TRADE_EXECUTED: {"market": "Will Seattle have more than 5 inches of precipitation in April?", "city": "Seattle", "outcome": "Yes", "price": 0.009, "prob": 1.0, "edge": 0.991, "size": 2.0, "type": "PAPER", "pnl": 0.0, "status": "OPEN", "is_morning": 1, "timestamp": "2026-04-22T11:32:24.195586"}
2026-04-22 11:32:26,929 [INFO] Market: Will London have between 60-70mm of precipitation in April? | Price: 0.011 | Prob: 0.50 | Edge: 48.90%
2026-04-22 11:32:26,932 [INFO] Market: Will London have 70mm or more of precipitation in April? | Price: 0.0065 | Prob: 0.50 | Edge: 49.35%
2026-04-22 11:32:26,932 [INFO] [PAPER TRADING] Executing trade on Will London have 70mm or more of precipitation in April? (City: London) for $2.00 (Edge: 49.35%)
2026-04-22 11:32:26,933 [INFO] TRADE_EXECUTED: {"market": "Will London have 70mm or more of precipitation in April?", "city": "London", "outcome": "Yes", "price": 0.0065, "prob": 0.5, "edge": 0.4935, "size": 2.0, "type": "PAPER", "pnl": 0.0, "status": "OPEN", "is_morning": 1, "timestamp": "2026-04-22T11:32:26.932862"}
2026-04-22 11:32:27,611 [INFO] Market: Will Seoul have between 65-70mm of precipitation in April? | Price: 0.075 | Prob: 0.49 | Edge: 41.88%
2026-04-22 11:32:27,613 [INFO] Market: Will Seoul have between 70-75mm of precipitation in April?-N5ag | Price: 0.0285 | Prob: 0.49 | Edge: 46.53%
2026-04-22 11:32:27,613 [INFO] [PAPER TRADING] Executing trade on Will Seoul have between 70-75mm of precipitation in April?-N5ag (City: Seoul) for $2.00 (Edge: 46.53%)
2026-04-22 11:32:27,614 [INFO] TRADE_EXECUTED: {"market": "Will Seoul have between 70-75mm of precipitation in April?-N5ag", "city": "Seoul", "outcome": "Yes", "price": 0.0285, "prob": 0.49379033467422384, "edge": 0.4652903346742238, "size": 2.0, "type": "PAPER", "pnl": 0.0, "status": "OPEN", "is_morning": 1, "timestamp": "2026-04-22T11:32:27.613687"}
2026-04-22 11:32:28,273 [INFO] Market: Will Hong Kong have less than 130mm of precipitation in April? | Price: 0.295 | Prob: 1.00 | Edge: 70.50%
2026-04-22 11:32:28,278 [INFO] [PAPER TRADING] Executing trade on Will Hong Kong have less than 130mm of precipitation in April? (City: Hong) for $2.00 (Edge: 70.50%)
2026-04-22 11:32:28,280 [INFO] TRADE_EXECUTED: {"market": "Will Hong Kong have less than 130mm of precipitation in April?", "city": "Hong", "outcome": "Yes", "price": 0.295, "prob": 1.0, "edge": 0.7050000000000001, "size": 2.0, "type": "PAPER", "pnl": 0.0, "status": "OPEN", "is_morning": 1, "timestamp": "2026-04-22T11:32:28.279961"}
2026-04-22 11:32:28,936 [INFO] Cycle complete.
2026-04-22 11:33:09,469 [INFO] Paper Trading mode initialized.
2026-04-22 11:33:09,471 [INFO] Starting trading cycle...
2026-04-22 11:33:16,536 [INFO] SCAN_COMPLETE: {"weather_count": 44, "total_scanned": 3000}
2026-04-22 11:33:16,548 [INFO] Found 44 candidate weather markets.
2026-04-22 11:33:16,549 [INFO] Discovered new city: Precipitation. Attempting to get coordinates...
2026-04-22 11:33:17,169 [INFO] Discovered new city: Precipitation. Attempting to get coordinates...
2026-04-22 11:33:17,792 [INFO] Discovered new city: Precipitation. Attempting to get coordinates...
2026-04-22 11:33:18,419 [INFO] Discovered new city: Precipitation. Attempting to get coordinates...
2026-04-22 11:33:19,035 [INFO] Discovered new city: Precipitation. Attempting to get coordinates...
2026-04-22 11:33:19,659 [INFO] Discovered new city: Precipitation. Attempting to get coordinates...
2026-04-22 11:33:20,298 [INFO] Discovered new city: Seattle. Attempting to get coordinates...
2026-04-22 11:33:21,640 [INFO] Discovered new city: London. Attempting to get coordinates...
2026-04-22 11:33:22,903 [INFO] Discovered new city: Seoul. Attempting to get coordinates...
2026-04-22 11:33:24,228 [INFO] Discovered new city: Hong. Attempting to get coordinates...
2026-04-22 11:33:25,434 [INFO] Market: Will global temperature increase by less than 1.10ºC in April 2026? | Price: 0.028 | Prob: 0.08 | Edge: 5.28%
2026-04-22 11:33:25,437 [INFO] Market: Will global temperature increase by between 1.10ºC and 1.14ºC in April 2026? | Price: 0.155 | Prob: 0.19 | Edge: 3.85%
2026-04-22 11:33:25,440 [INFO] [PAPER TRADING] Executing trade on Will global temperature increase by less than 1.10ºC in April 2026? (City: Global) for $2.00 (Edge: 5.28%)
2026-04-22 11:33:25,443 [INFO] TRADE_EXECUTED: {"market": "Will global temperature increase by less than 1.10\u00baC in April 2026?", "city": "Global", "outcome": "Yes", "price": 0.028, "prob": 0.08075665923377151, "edge": 0.05275665923377151, "size": 2.0, "type": "PAPER", "pnl": 0.0, "status": "OPEN", "is_morning": 1, "timestamp": "2026-04-22T11:33:25.441160"}
2026-04-22 11:33:26,237 [INFO] Market: Will Seattle have more than 5 inches of precipitation in April? | Price: 0.009 | Prob: 1.00 | Edge: 99.10%
2026-04-22 11:33:26,238 [INFO] [PAPER TRADING] Executing trade on Will Seattle have more than 5 inches of precipitation in April? (City: Seattle) for $2.00 (Edge: 99.10%)
2026-04-22 11:33:26,239 [INFO] TRADE_EXECUTED: {"market": "Will Seattle have more than 5 inches of precipitation in April?", "city": "Seattle", "outcome": "Yes", "price": 0.009, "prob": 1.0, "edge": 0.991, "size": 2.0, "type": "PAPER", "pnl": 0.0, "status": "OPEN", "is_morning": 1, "timestamp": "2026-04-22T11:33:26.239256"}
2026-04-22 11:33:26,858 [INFO] Market: Will London have between 60-70mm of precipitation in April? | Price: 0.011 | Prob: 0.50 | Edge: 48.90%
2026-04-22 11:33:26,859 [INFO] Market: Will London have 70mm or more of precipitation in April? | Price: 0.0065 | Prob: 0.50 | Edge: 49.35%
2026-04-22 11:33:26,859 [INFO] [PAPER TRADING] Executing trade on Will London have 70mm or more of precipitation in April? (City: London) for $2.00 (Edge: 49.35%)
2026-04-22 11:33:26,860 [INFO] TRADE_EXECUTED: {"market": "Will London have 70mm or more of precipitation in April?", "city": "London", "outcome": "Yes", "price": 0.0065, "prob": 0.5, "edge": 0.4935, "size": 2.0, "type": "PAPER", "pnl": 0.0, "status": "OPEN", "is_morning": 1, "timestamp": "2026-04-22T11:33:26.860395"}
2026-04-22 11:33:27,592 [INFO] Market: Will Seoul have between 65-70mm of precipitation in April? | Price: 0.075 | Prob: 0.49 | Edge: 41.88%
2026-04-22 11:33:27,596 [INFO] Market: Will Seoul have between 70-75mm of precipitation in April?-N5ag | Price: 0.0285 | Prob: 0.49 | Edge: 46.53%
2026-04-22 11:33:27,597 [INFO] [PAPER TRADING] Executing trade on Will Seoul have between 70-75mm of precipitation in April?-N5ag (City: Seoul) for $2.00 (Edge: 46.53%)
2026-04-22 11:33:27,599 [INFO] TRADE_EXECUTED: {"market": "Will Seoul have between 70-75mm of precipitation in April?-N5ag", "city": "Seoul", "outcome": "Yes", "price": 0.0285, "prob": 0.49379033467422384, "edge": 0.4652903346742238, "size": 2.0, "type": "PAPER", "pnl": 0.0, "status": "OPEN", "is_morning": 1, "timestamp": "2026-04-22T11:33:27.598247"}
2026-04-22 11:33:28,290 [INFO] Market: Will Hong Kong have less than 130mm of precipitation in April? | Price: 0.295 | Prob: 1.00 | Edge: 70.50%
2026-04-22 11:33:28,294 [INFO] [PAPER TRADING] Executing trade on Will Hong Kong have less than 130mm of precipitation in April? (City: Hong) for $2.00 (Edge: 70.50%)
2026-04-22 11:33:28,296 [INFO] TRADE_EXECUTED: {"market": "Will Hong Kong have less than 130mm of precipitation in April?", "city": "Hong", "outcome": "Yes", "price": 0.295, "prob": 1.0, "edge": 0.7050000000000001, "size": 2.0, "type": "PAPER", "pnl": 0.0, "status": "OPEN", "is_morning": 1, "timestamp": "2026-04-22T11:33:28.296650"}
2026-04-22 11:33:28,886 [INFO] Cycle complete.
