Auto packing the repository in background for optimum performance.
See "git help gc" for manual housekeeping.
warning: The last gc run reported the following. Please correct the root cause
and remove .git/gc.log
Automatic cleanup will not be performed until the file is removed.

error: pack-objects died of signal 9
fatal: failed to run repack

[main 816ad07] Auto-sync: Wed Apr 22 00:00:02 UTC 2026
 677 files changed, 66 insertions(+)
 create mode 100644 logs/sync.log
Everything up-to-date
Auto packing the repository in background for optimum performance.
See "git help gc" for manual housekeeping.
[main 46cd807] Auto-sync: Thu Apr 23 00:00:01 UTC 2026
 3 files changed, 6276 insertions(+), 73 deletions(-)
Everything up-to-date
[main ceda4cd] Auto-sync: Fri Apr 24 00:00:01 UTC 2026
 13 files changed, 14067 insertions(+), 103 deletions(-)
 create mode 100644 logs/wisdom_journal.json
Everything up-to-date
[main fdd817e] Auto-sync: Sat Apr 25 00:00:02 UTC 2026
 10 files changed, 13930 insertions(+), 92 deletions(-)
Everything up-to-date
[main c0249c5] Auto-sync: Sun Apr 26 00:00:03 UTC 2026
 9 files changed, 13699 insertions(+), 89 deletions(-)
Everything up-to-date
[main cea4531] Auto-sync: Mon Apr 27 00:00:02 UTC 2026
 10 files changed, 13648 insertions(+), 81 deletions(-)
Everything up-to-date
[main 408fd70] Auto-sync: Tue Apr 28 00:00:02 UTC 2026
 7 files changed, 14065 insertions(+), 82 deletions(-)
Everything up-to-date
[main f81a58f] Auto-sync: Wed Apr 29 00:00:02 UTC 2026
 10 files changed, 13891 insertions(+), 95 deletions(-)
Everything up-to-date
[main a3df57d] Auto-sync: Thu Apr 30 00:00:02 UTC 2026
 7 files changed, 14095 insertions(+), 83 deletions(-)
Everything up-to-date
[main a947359] Auto-sync: Fri May  1 00:00:03 UTC 2026
 7 files changed, 13790 insertions(+), 92 deletions(-)
Everything up-to-date
[main 2159f53] Auto-sync: Sat May  2 00:00:02 UTC 2026
 7 files changed, 13528 insertions(+), 391 deletions(-)
Everything up-to-date
[main 6702945] Auto-sync: Sun May  3 00:00:02 UTC 2026
 7 files changed, 13043 insertions(+), 52 deletions(-)
Everything up-to-date
[main 501a7d2] Auto-sync: Mon May  4 00:00:02 UTC 2026
 7 files changed, 13054 insertions(+), 47 deletions(-)
Everything up-to-date
[main 244e876] Auto-sync: Tue May  5 00:00:02 UTC 2026
 7 files changed, 12477 insertions(+), 473 deletions(-)
Everything up-to-date
[main c8084b1] Auto-sync: Wed May  6 00:00:02 UTC 2026
 10 files changed, 11760 insertions(+), 204 deletions(-)
Everything up-to-date
[main 91f4418] Auto-sync: Thu May  7 00:00:02 UTC 2026
 7 files changed, 11310 insertions(+), 19 deletions(-)
Everything up-to-date
[main b8581fa] Auto-sync: Fri May  8 00:00:03 UTC 2026
 6 files changed, 11341 insertions(+), 18 deletions(-)
Everything up-to-date
[main 77f3946] Auto-sync: Sat May  9 00:00:02 UTC 2026
 6 files changed, 11295 insertions(+), 16 deletions(-)
Everything up-to-date
[main 108a4ec] Auto-sync: Sun May 10 00:00:03 UTC 2026
 6 files changed, 11290 insertions(+), 13 deletions(-)
Everything up-to-date
[main 3de8253] Auto-sync: Mon May 11 00:00:02 UTC 2026
 6 files changed, 11287 insertions(+), 15 deletions(-)
Everything up-to-date
[main f819a01] Auto-sync: Tue May 12 00:00:03 UTC 2026
 6 files changed, 11096 insertions(+), 162 deletions(-)
Everything up-to-date
[main f488a00] Auto-sync: Wed May 13 00:00:04 UTC 2026
 7 files changed, 10297 insertions(+), 8 deletions(-)
Everything up-to-date
[main b5f3c15] Auto-sync: Thu May 14 00:00:03 UTC 2026
 7 files changed, 10064 insertions(+), 7 deletions(-)
Everything up-to-date
[main 5243ad7] Auto-sync: Fri May 15 00:00:04 UTC 2026
 6 files changed, 10357 insertions(+), 7 deletions(-)
Everything up-to-date
[main 47b2e10] Auto-sync: Sat May 16 00:00:03 UTC 2026
 7 files changed, 10068 insertions(+), 6 deletions(-)
Everything up-to-date
[main 3ac4811] Auto-sync: Sun May 17 00:00:04 UTC 2026
 6 files changed, 10078 insertions(+), 3 deletions(-)
Everything up-to-date
[main 64ece40] Auto-sync: Mon May 18 00:00:03 UTC 2026
 7 files changed, 10097 insertions(+), 6 deletions(-)
Everything up-to-date
[main fe4fac0] Auto-sync: Tue May 19 00:00:03 UTC 2026
 7 files changed, 10091 insertions(+), 6 deletions(-)
Everything up-to-date
[main adb7dbc] Auto-sync: Wed May 20 00:00:03 UTC 2026
 6 files changed, 10059 insertions(+), 3 deletions(-)
Everything up-to-date
[main f67e891] Auto-sync: Thu May 21 00:00:04 UTC 2026
 7 files changed, 10253 insertions(+), 7 deletions(-)
Everything up-to-date
[main 139d7e0] Auto-sync: Fri May 22 00:00:04 UTC 2026
 7 files changed, 10059 insertions(+), 5 deletions(-)
Everything up-to-date
[main 7bfb41f] Auto-sync: Sat May 23 00:00:04 UTC 2026
 6 files changed, 10067 insertions(+), 3 deletions(-)
Everything up-to-date
[main b7eeec8] Auto-sync: Sun May 24 00:00:03 UTC 2026
 9 files changed, 10590 insertions(+), 4 deletions(-)
Everything up-to-date
